2024-07-17 23:31:37.134 [restartedMain] INFO  c.n.b.BookStoreFrontApplication - Starting BookStoreFrontApplication using Java 21.0.3 with PID 39959 (/Users/dlrudgjs/Desktop/GitHub/book-store-front/target/classes started by dlrudgjs in /Users/dlrudgjs/Desktop/GitHub/book-store-front)
2024-07-17 23:31:37.145 [restartedMain] INFO  c.n.b.BookStoreFrontApplication - The following 1 profile is active: "dev"
2024-07-17 23:31:37.516 [restartedMain] INFO  o.s.d.r.c.RepositoryConfigurationDelegate - Multiple Spring Data modules found, entering strict repository configuration mode
2024-07-17 23:31:37.516 [restartedMain] INFO  o.s.d.r.c.RepositoryConfigurationDelegate - Bootstrapping Spring Data Redis repositories in DEFAULT mode.
2024-07-17 23:31:37.530 [restartedMain] INFO  o.s.d.r.c.RepositoryConfigurationDelegate - Finished Spring Data repository scanning in 12 ms. Found 0 Redis repository interfaces.
2024-07-17 23:31:37.603 [restartedMain] INFO  o.s.cloud.context.scope.GenericScope - BeanFactory id=1039886f-b335-3755-825b-2a0b8fcf8631
2024-07-17 23:31:38.074 [restartedMain] INFO  o.s.b.w.e.tomcat.TomcatWebServer - Tomcat initialized with port 8081 (http)
2024-07-17 23:31:38.085 [restartedMain] INFO  o.a.catalina.core.StandardService - Starting service [Tomcat]
2024-07-17 23:31:38.086 [restartedMain] INFO  o.a.catalina.core.StandardEngine - Starting Servlet engine: [Apache Tomcat/10.1.24]
2024-07-17 23:31:38.104 [restartedMain] INFO  o.a.c.c.C.[Tomcat].[localhost].[/] - Initializing Spring embedded WebApplicationContext
2024-07-17 23:31:38.105 [restartedMain] INFO  o.s.b.w.s.c.ServletWebServerApplicationContext - Root WebApplicationContext: initialization completed in 937 ms
2024-07-17 23:31:38.316 [restartedMain] INFO  o.s.b.d.a.OptionalLiveReloadServer - LiveReload server is running on port 35729
2024-07-17 23:31:39.205 [restartedMain] INFO  o.s.b.a.w.s.WelcomePageHandlerMapping - Adding welcome page template: index
2024-07-17 23:31:39.344 [restartedMain] INFO  o.s.s.web.DefaultSecurityFilterChain - Will secure any request with [org.springframework.security.web.session.DisableEncodeUrlFilter@35a5fa, org.springframework.security.web.context.request.async.WebAsyncManagerIntegrationFilter@6ce9d781, org.springframework.security.web.context.SecurityContextHolderFilter@564ad49c, org.springframework.security.web.header.HeaderWriterFilter@26242d2a, org.springframework.web.filter.CorsFilter@77bebfa4, org.springframework.security.web.authentication.logout.LogoutFilter@58cc0cd4, org.springframework.security.web.savedrequest.RequestCacheAwareFilter@1dd601aa, org.springframework.security.web.servletapi.SecurityContextHolderAwareRequestFilter@5fe8f6d2, org.springframework.security.web.authentication.AnonymousAuthenticationFilter@12706d22, org.springframework.security.web.access.ExceptionTranslationFilter@103a58ca, org.springframework.security.web.access.intercept.AuthorizationFilter@5b17c786]
2024-07-17 23:31:39.599 [restartedMain] INFO  o.s.b.w.e.tomcat.TomcatWebServer - Tomcat started on port 8081 (http) with context path '/'
2024-07-17 23:31:39.611 [restartedMain] INFO  c.n.b.BookStoreFrontApplication - Started BookStoreFrontApplication in 2.744 seconds (process running for 237.057)
2024-07-17 23:31:39.611 [scheduling-1] INFO  c.n.b.global.config.CacheConfig - Refresh categoriesCache completed.
2024-07-17 23:31:39.613 [restartedMain] INFO  o.s.b.d.a.ConditionEvaluationDeltaLoggingListener - Condition evaluation unchanged
2024-07-17 23:32:27.093 [restartedMain] INFO  c.n.b.BookStoreFrontApplication - Starting BookStoreFrontApplication using Java 21.0.3 with PID 40270 (/Users/dlrudgjs/Desktop/GitHub/book-store-front/target/classes started by dlrudgjs in /Users/dlrudgjs/Desktop/GitHub/book-store-front)
2024-07-17 23:32:27.095 [restartedMain] INFO  c.n.b.BookStoreFrontApplication - The following 1 profile is active: "dev"
2024-07-17 23:32:27.621 [restartedMain] INFO  o.s.d.r.c.RepositoryConfigurationDelegate - Multiple Spring Data modules found, entering strict repository configuration mode
2024-07-17 23:32:27.629 [restartedMain] INFO  o.s.d.r.c.RepositoryConfigurationDelegate - Bootstrapping Spring Data Redis repositories in DEFAULT mode.
2024-07-17 23:32:27.671 [restartedMain] INFO  o.s.d.r.c.RepositoryConfigurationDelegate - Finished Spring Data repository scanning in 40 ms. Found 0 Redis repository interfaces.
2024-07-17 23:32:27.814 [restartedMain] INFO  o.s.cloud.context.scope.GenericScope - BeanFactory id=1039886f-b335-3755-825b-2a0b8fcf8631
2024-07-17 23:32:28.017 [restartedMain] INFO  o.s.b.w.e.tomcat.TomcatWebServer - Tomcat initialized with port 8081 (http)
2024-07-17 23:32:28.020 [restartedMain] INFO  o.a.catalina.core.StandardService - Starting service [Tomcat]
2024-07-17 23:32:28.021 [restartedMain] INFO  o.a.catalina.core.StandardEngine - Starting Servlet engine: [Apache Tomcat/10.1.24]
2024-07-17 23:32:28.038 [restartedMain] INFO  o.a.c.c.C.[Tomcat].[localhost].[/] - Initializing Spring embedded WebApplicationContext
2024-07-17 23:32:28.039 [restartedMain] INFO  o.s.b.w.s.c.ServletWebServerApplicationContext - Root WebApplicationContext: initialization completed in 926 ms
2024-07-17 23:32:28.170 [restartedMain] INFO  o.s.b.d.a.OptionalLiveReloadServer - LiveReload server is running on port 35729
2024-07-17 23:32:29.183 [restartedMain] INFO  o.s.b.a.w.s.WelcomePageHandlerMapping - Adding welcome page template: index
2024-07-17 23:32:29.281 [restartedMain] INFO  o.s.s.web.DefaultSecurityFilterChain - Will secure any request with [org.springframework.security.web.session.DisableEncodeUrlFilter@23b3d4ff, org.springframework.security.web.context.request.async.WebAsyncManagerIntegrationFilter@114f95e7, org.springframework.security.web.context.SecurityContextHolderFilter@5f0f66b8, org.springframework.security.web.header.HeaderWriterFilter@4f2c754, org.springframework.web.filter.CorsFilter@526ea1c9, org.springframework.security.web.authentication.logout.LogoutFilter@3b3ec6e0, org.springframework.security.web.savedrequest.RequestCacheAwareFilter@686d3300, org.springframework.security.web.servletapi.SecurityContextHolderAwareRequestFilter@dfaf796, org.springframework.security.web.authentication.AnonymousAuthenticationFilter@6ae51f66, org.springframework.security.web.access.ExceptionTranslationFilter@38abbb20, org.springframework.security.web.access.intercept.AuthorizationFilter@79c83f75]
2024-07-17 23:32:29.847 [restartedMain] INFO  o.s.b.w.e.tomcat.TomcatWebServer - Tomcat started on port 8081 (http) with context path '/'
2024-07-17 23:32:29.864 [restartedMain] INFO  c.n.b.BookStoreFrontApplication - Started BookStoreFrontApplication in 2.965 seconds (process running for 26.245)
2024-07-17 23:32:29.876 [scheduling-1] INFO  c.n.b.global.config.CacheConfig - Refresh categoriesCache completed.
2024-07-17 23:32:29.883 [restartedMain] INFO  o.s.b.d.a.ConditionEvaluationDeltaLoggingListener - Condition evaluation unchanged
2024-07-17 23:34:40.722 [File Watcher] INFO  o.s.b.d.a.LocalDevToolsAutoConfiguration$RestartingClassPathChangeChangedEventListener - Restarting due to 1 class path change (0 additions, 0 deletions, 1 modification)
2024-07-17 23:34:42.324 [restartedMain] INFO  c.n.b.BookStoreFrontApplication - Starting BookStoreFrontApplication using Java 21.0.3 with PID 40270 (/Users/dlrudgjs/Desktop/GitHub/book-store-front/target/classes started by dlrudgjs in /Users/dlrudgjs/Desktop/GitHub/book-store-front)
2024-07-17 23:34:42.325 [restartedMain] INFO  c.n.b.BookStoreFrontApplication - The following 1 profile is active: "dev"
2024-07-17 23:34:42.698 [restartedMain] INFO  o.s.d.r.c.RepositoryConfigurationDelegate - Multiple Spring Data modules found, entering strict repository configuration mode
2024-07-17 23:34:42.699 [restartedMain] INFO  o.s.d.r.c.RepositoryConfigurationDelegate - Bootstrapping Spring Data Redis repositories in DEFAULT mode.
2024-07-17 23:34:42.713 [restartedMain] INFO  o.s.d.r.c.RepositoryConfigurationDelegate - Finished Spring Data repository scanning in 13 ms. Found 0 Redis repository interfaces.
2024-07-17 23:34:42.796 [restartedMain] INFO  o.s.cloud.context.scope.GenericScope - BeanFactory id=1039886f-b335-3755-825b-2a0b8fcf8631
2024-07-17 23:34:43.318 [restartedMain] INFO  o.s.b.w.e.tomcat.TomcatWebServer - Tomcat initialized with port 8081 (http)
2024-07-17 23:34:43.332 [restartedMain] INFO  o.a.catalina.core.StandardService - Starting service [Tomcat]
2024-07-17 23:34:43.332 [restartedMain] INFO  o.a.catalina.core.StandardEngine - Starting Servlet engine: [Apache Tomcat/10.1.24]
2024-07-17 23:34:43.354 [restartedMain] INFO  o.a.c.c.C.[Tomcat].[localhost].[/] - Initializing Spring embedded WebApplicationContext
2024-07-17 23:34:43.354 [restartedMain] INFO  o.s.b.w.s.c.ServletWebServerApplicationContext - Root WebApplicationContext: initialization completed in 1011 ms
2024-07-17 23:34:43.596 [restartedMain] INFO  o.s.b.d.a.OptionalLiveReloadServer - LiveReload server is running on port 35729
2024-07-17 23:34:44.550 [restartedMain] INFO  o.s.b.a.w.s.WelcomePageHandlerMapping - Adding welcome page template: index
2024-07-17 23:34:44.675 [restartedMain] INFO  o.s.s.web.DefaultSecurityFilterChain - Will secure any request with [org.springframework.security.web.session.DisableEncodeUrlFilter@1255a591, org.springframework.security.web.context.request.async.WebAsyncManagerIntegrationFilter@72ab40d3, org.springframework.security.web.context.SecurityContextHolderFilter@699fd7b2, org.springframework.security.web.header.HeaderWriterFilter@5e4dfd4a, org.springframework.web.filter.CorsFilter@6ac1e557, org.springframework.security.web.authentication.logout.LogoutFilter@46631ba, org.springframework.security.web.savedrequest.RequestCacheAwareFilter@6ef9c993, org.springframework.security.web.servletapi.SecurityContextHolderAwareRequestFilter@2245488a, org.springframework.security.web.authentication.AnonymousAuthenticationFilter@65130a40, org.springframework.security.web.access.ExceptionTranslationFilter@45112c3a, org.springframework.security.web.access.intercept.AuthorizationFilter@3ea62f60]
2024-07-17 23:34:44.940 [restartedMain] INFO  o.s.b.w.e.tomcat.TomcatWebServer - Tomcat started on port 8081 (http) with context path '/'
2024-07-17 23:34:44.949 [scheduling-1] INFO  c.n.b.global.config.CacheConfig - Refresh categoriesCache completed.
2024-07-17 23:34:44.949 [restartedMain] INFO  c.n.b.BookStoreFrontApplication - Started BookStoreFrontApplication in 3.908 seconds (process running for 161.33)
2024-07-17 23:34:44.951 [restartedMain] INFO  o.s.b.d.a.ConditionEvaluationDeltaLoggingListener - Condition evaluation unchanged
2024-07-17 23:35:09.022 [File Watcher] INFO  o.s.b.d.a.LocalDevToolsAutoConfiguration$RestartingClassPathChangeChangedEventListener - Restarting due to 1 class path change (0 additions, 0 deletions, 1 modification)
2024-07-17 23:35:10.466 [restartedMain] INFO  c.n.b.BookStoreFrontApplication - Starting BookStoreFrontApplication using Java 21.0.3 with PID 40270 (/Users/dlrudgjs/Desktop/GitHub/book-store-front/target/classes started by dlrudgjs in /Users/dlrudgjs/Desktop/GitHub/book-store-front)
2024-07-17 23:35:10.470 [restartedMain] INFO  c.n.b.BookStoreFrontApplication - The following 1 profile is active: "dev"
2024-07-17 23:35:10.800 [restartedMain] INFO  o.s.d.r.c.RepositoryConfigurationDelegate - Multiple Spring Data modules found, entering strict repository configuration mode
2024-07-17 23:35:10.802 [restartedMain] INFO  o.s.d.r.c.RepositoryConfigurationDelegate - Bootstrapping Spring Data Redis repositories in DEFAULT mode.
2024-07-17 23:35:10.815 [restartedMain] INFO  o.s.d.r.c.RepositoryConfigurationDelegate - Finished Spring Data repository scanning in 12 ms. Found 0 Redis repository interfaces.
2024-07-17 23:35:10.885 [restartedMain] INFO  o.s.cloud.context.scope.GenericScope - BeanFactory id=1039886f-b335-3755-825b-2a0b8fcf8631
2024-07-17 23:35:11.184 [restartedMain] INFO  o.s.b.w.e.tomcat.TomcatWebServer - Tomcat initialized with port 8081 (http)
2024-07-17 23:35:11.198 [restartedMain] INFO  o.a.catalina.core.StandardService - Starting service [Tomcat]
2024-07-17 23:35:11.199 [restartedMain] INFO  o.a.catalina.core.StandardEngine - Starting Servlet engine: [Apache Tomcat/10.1.24]
2024-07-17 23:35:11.222 [restartedMain] INFO  o.a.c.c.C.[Tomcat].[localhost].[/] - Initializing Spring embedded WebApplicationContext
2024-07-17 23:35:11.222 [restartedMain] INFO  o.s.b.w.s.c.ServletWebServerApplicationContext - Root WebApplicationContext: initialization completed in 736 ms
2024-07-17 23:35:11.537 [restartedMain] INFO  o.s.b.d.a.OptionalLiveReloadServer - LiveReload server is running on port 35729
2024-07-17 23:35:12.005 [restartedMain] INFO  o.s.b.a.w.s.WelcomePageHandlerMapping - Adding welcome page template: index
2024-07-17 23:35:12.063 [restartedMain] INFO  o.s.s.web.DefaultSecurityFilterChain - Will secure any request with [org.springframework.security.web.session.DisableEncodeUrlFilter@3a2d561e, org.springframework.security.web.context.request.async.WebAsyncManagerIntegrationFilter@231ed77c, org.springframework.security.web.context.SecurityContextHolderFilter@7b95b047, org.springframework.security.web.header.HeaderWriterFilter@284f413f, org.springframework.web.filter.CorsFilter@11c9ea, org.springframework.security.web.authentication.logout.LogoutFilter@44abbdd0, org.springframework.security.web.savedrequest.RequestCacheAwareFilter@4fb5d734, org.springframework.security.web.servletapi.SecurityContextHolderAwareRequestFilter@40fec7cb, org.springframework.security.web.authentication.AnonymousAuthenticationFilter@2e1ebb7, org.springframework.security.web.access.ExceptionTranslationFilter@58aaedc4, org.springframework.security.web.access.intercept.AuthorizationFilter@3336389f]
2024-07-17 23:35:12.602 [restartedMain] INFO  o.s.b.w.e.tomcat.TomcatWebServer - Tomcat started on port 8081 (http) with context path '/'
2024-07-17 23:35:12.627 [restartedMain] INFO  c.n.b.BookStoreFrontApplication - Started BookStoreFrontApplication in 3.432 seconds (process running for 189.006)
2024-07-17 23:35:12.632 [restartedMain] INFO  o.s.b.d.a.ConditionEvaluationDeltaLoggingListener - Condition evaluation unchanged
2024-07-17 23:35:12.635 [scheduling-1] INFO  c.n.b.global.config.CacheConfig - Refresh categoriesCache completed.
2024-07-17 23:38:21.211 [restartedMain] INFO  c.n.b.BookStoreFrontApplication - Starting BookStoreFrontApplication using Java 21.0.3 with PID 40714 (/Users/dlrudgjs/Desktop/GitHub/book-store-front/target/classes started by dlrudgjs in /Users/dlrudgjs/Desktop/GitHub/book-store-front)
2024-07-17 23:38:21.216 [restartedMain] INFO  c.n.b.BookStoreFrontApplication - The following 1 profile is active: "dev"
2024-07-17 23:38:21.283 [restartedMain] INFO  o.s.b.d.e.DevToolsPropertyDefaultsPostProcessor - Devtools property defaults active! Set 'spring.devtools.add-properties' to 'false' to disable
2024-07-17 23:38:21.285 [restartedMain] INFO  o.s.b.d.e.DevToolsPropertyDefaultsPostProcessor - For additional web related logging consider setting the 'logging.level.web' property to 'DEBUG'
2024-07-17 23:38:22.468 [restartedMain] INFO  o.s.d.r.c.RepositoryConfigurationDelegate - Multiple Spring Data modules found, entering strict repository configuration mode
2024-07-17 23:38:22.472 [restartedMain] INFO  o.s.d.r.c.RepositoryConfigurationDelegate - Bootstrapping Spring Data Redis repositories in DEFAULT mode.
2024-07-17 23:38:22.514 [restartedMain] INFO  o.s.d.r.c.RepositoryConfigurationDelegate - Finished Spring Data repository scanning in 35 ms. Found 0 Redis repository interfaces.
2024-07-17 23:38:22.748 [restartedMain] INFO  o.s.cloud.context.scope.GenericScope - BeanFactory id=1039886f-b335-3755-825b-2a0b8fcf8631
2024-07-17 23:38:23.413 [restartedMain] INFO  o.s.b.w.e.tomcat.TomcatWebServer - Tomcat initialized with port 8081 (http)
2024-07-17 23:38:23.424 [restartedMain] INFO  o.a.catalina.core.StandardService - Starting service [Tomcat]
2024-07-17 23:38:23.425 [restartedMain] INFO  o.a.catalina.core.StandardEngine - Starting Servlet engine: [Apache Tomcat/10.1.24]
2024-07-17 23:38:23.455 [restartedMain] INFO  o.a.c.c.C.[Tomcat].[localhost].[/] - Initializing Spring embedded WebApplicationContext
2024-07-17 23:38:23.456 [restartedMain] INFO  o.s.b.w.s.c.ServletWebServerApplicationContext - Root WebApplicationContext: initialization completed in 2171 ms
2024-07-17 23:38:23.805 [restartedMain] INFO  o.s.b.d.a.OptionalLiveReloadServer - LiveReload server is running on port 35729
2024-07-17 23:38:25.330 [restartedMain] INFO  o.s.b.a.w.s.WelcomePageHandlerMapping - Adding welcome page template: index
2024-07-17 23:38:25.488 [restartedMain] INFO  o.s.s.web.DefaultSecurityFilterChain - Will secure any request with [org.springframework.security.web.session.DisableEncodeUrlFilter@5e8366f6, org.springframework.security.web.context.request.async.WebAsyncManagerIntegrationFilter@2d12c72f, org.springframework.security.web.context.SecurityContextHolderFilter@2610512b, org.springframework.security.web.header.HeaderWriterFilter@7a2db58d, org.springframework.web.filter.CorsFilter@56365320, org.springframework.security.web.authentication.logout.LogoutFilter@5ea7a76e, org.springframework.security.web.savedrequest.RequestCacheAwareFilter@3f1eb2e2, org.springframework.security.web.servletapi.SecurityContextHolderAwareRequestFilter@4e4e42f9, org.springframework.security.web.authentication.AnonymousAuthenticationFilter@b8ee478, org.springframework.security.web.access.ExceptionTranslationFilter@691f8d6d, org.springframework.security.web.access.intercept.AuthorizationFilter@396856e3]
2024-07-17 23:38:26.574 [restartedMain] INFO  o.s.b.w.e.tomcat.TomcatWebServer - Tomcat started on port 8081 (http) with context path '/'
2024-07-17 23:38:26.593 [restartedMain] INFO  c.n.b.BookStoreFrontApplication - Started BookStoreFrontApplication in 6.135 seconds (process running for 11.983)
2024-07-17 23:38:26.596 [scheduling-1] INFO  c.n.b.global.config.CacheConfig - Refresh categoriesCache completed.
2024-07-17 23:41:36.579 [restartedMain] INFO  c.n.b.BookStoreFrontApplication - Starting BookStoreFrontApplication using Java 21.0.3 with PID 40941 (/Users/dlrudgjs/Desktop/GitHub/book-store-front/target/classes started by dlrudgjs in /Users/dlrudgjs/Desktop/GitHub/book-store-front)
2024-07-17 23:41:36.582 [restartedMain] INFO  c.n.b.BookStoreFrontApplication - The following 1 profile is active: "dev"
2024-07-17 23:41:36.630 [restartedMain] INFO  o.s.b.d.e.DevToolsPropertyDefaultsPostProcessor - Devtools property defaults active! Set 'spring.devtools.add-properties' to 'false' to disable
2024-07-17 23:41:36.630 [restartedMain] INFO  o.s.b.d.e.DevToolsPropertyDefaultsPostProcessor - For additional web related logging consider setting the 'logging.level.web' property to 'DEBUG'
2024-07-17 23:41:37.645 [restartedMain] INFO  o.s.d.r.c.RepositoryConfigurationDelegate - Multiple Spring Data modules found, entering strict repository configuration mode
2024-07-17 23:41:37.649 [restartedMain] INFO  o.s.d.r.c.RepositoryConfigurationDelegate - Bootstrapping Spring Data Redis repositories in DEFAULT mode.
2024-07-17 23:41:37.683 [restartedMain] INFO  o.s.d.r.c.RepositoryConfigurationDelegate - Finished Spring Data repository scanning in 27 ms. Found 0 Redis repository interfaces.
2024-07-17 23:41:37.900 [restartedMain] INFO  o.s.cloud.context.scope.GenericScope - BeanFactory id=1039886f-b335-3755-825b-2a0b8fcf8631
2024-07-17 23:41:38.540 [restartedMain] INFO  o.s.b.w.e.tomcat.TomcatWebServer - Tomcat initialized with port 8081 (http)
2024-07-17 23:41:38.548 [restartedMain] INFO  o.a.catalina.core.StandardService - Starting service [Tomcat]
2024-07-17 23:41:38.550 [restartedMain] INFO  o.a.catalina.core.StandardEngine - Starting Servlet engine: [Apache Tomcat/10.1.24]
2024-07-17 23:41:38.577 [restartedMain] INFO  o.a.c.c.C.[Tomcat].[localhost].[/] - Initializing Spring embedded WebApplicationContext
2024-07-17 23:41:38.577 [restartedMain] INFO  o.s.b.w.s.c.ServletWebServerApplicationContext - Root WebApplicationContext: initialization completed in 1947 ms
2024-07-17 23:41:38.991 [restartedMain] INFO  o.s.b.d.a.OptionalLiveReloadServer - LiveReload server is running on port 35729
2024-07-17 23:41:39.866 [restartedMain] INFO  o.s.b.a.w.s.WelcomePageHandlerMapping - Adding welcome page template: index
2024-07-17 23:41:40.283 [restartedMain] INFO  o.s.s.web.DefaultSecurityFilterChain - Will secure any request with [org.springframework.security.web.session.DisableEncodeUrlFilter@3d4a5e5e, org.springframework.security.web.context.request.async.WebAsyncManagerIntegrationFilter@234754d3, org.springframework.security.web.context.SecurityContextHolderFilter@543b7af, org.springframework.security.web.header.HeaderWriterFilter@2b1255f6, org.springframework.web.filter.CorsFilter@50264b25, org.springframework.security.web.authentication.logout.LogoutFilter@2bb1c20f, org.springframework.security.web.savedrequest.RequestCacheAwareFilter@784a5800, org.springframework.security.web.servletapi.SecurityContextHolderAwareRequestFilter@705d62ae, org.springframework.security.web.authentication.AnonymousAuthenticationFilter@65ada3f3, org.springframework.security.web.access.ExceptionTranslationFilter@238bd4dd, org.springframework.security.web.access.intercept.AuthorizationFilter@21e2187]
2024-07-17 23:41:41.304 [restartedMain] INFO  o.s.b.w.e.tomcat.TomcatWebServer - Tomcat started on port 8081 (http) with context path '/'
2024-07-17 23:41:41.322 [restartedMain] INFO  c.n.b.BookStoreFrontApplication - Started BookStoreFrontApplication in 5.454 seconds (process running for 11.327)
2024-07-17 23:41:41.327 [scheduling-1] INFO  c.n.b.global.config.CacheConfig - Refresh categoriesCache completed.
2024-07-17 23:45:31.445 [File Watcher] INFO  o.s.b.d.a.LocalDevToolsAutoConfiguration$RestartingClassPathChangeChangedEventListener - Restarting due to 1 class path change (0 additions, 0 deletions, 1 modification)
2024-07-17 23:45:31.959 [restartedMain] INFO  c.n.b.BookStoreFrontApplication - Starting BookStoreFrontApplication using Java 21.0.3 with PID 40941 (/Users/dlrudgjs/Desktop/GitHub/book-store-front/target/classes started by dlrudgjs in /Users/dlrudgjs/Desktop/GitHub/book-store-front)
2024-07-17 23:45:31.960 [restartedMain] INFO  c.n.b.BookStoreFrontApplication - The following 1 profile is active: "dev"
2024-07-17 23:45:32.414 [restartedMain] INFO  o.s.d.r.c.RepositoryConfigurationDelegate - Multiple Spring Data modules found, entering strict repository configuration mode
2024-07-17 23:45:32.415 [restartedMain] INFO  o.s.d.r.c.RepositoryConfigurationDelegate - Bootstrapping Spring Data Redis repositories in DEFAULT mode.
2024-07-17 23:45:32.501 [restartedMain] INFO  o.s.d.r.c.RepositoryConfigurationDelegate - Finished Spring Data repository scanning in 83 ms. Found 0 Redis repository interfaces.
2024-07-17 23:45:32.819 [restartedMain] INFO  o.s.cloud.context.scope.GenericScope - BeanFactory id=1039886f-b335-3755-825b-2a0b8fcf8631
2024-07-17 23:45:33.088 [restartedMain] INFO  o.s.b.w.e.tomcat.TomcatWebServer - Tomcat initialized with port 8081 (http)
2024-07-17 23:45:33.092 [restartedMain] INFO  o.a.catalina.core.StandardService - Starting service [Tomcat]
2024-07-17 23:45:33.092 [restartedMain] INFO  o.a.catalina.core.StandardEngine - Starting Servlet engine: [Apache Tomcat/10.1.24]
2024-07-17 23:45:33.113 [restartedMain] INFO  o.a.c.c.C.[Tomcat].[localhost].[/] - Initializing Spring embedded WebApplicationContext
2024-07-17 23:45:33.113 [restartedMain] INFO  o.s.b.w.s.c.ServletWebServerApplicationContext - Root WebApplicationContext: initialization completed in 1130 ms
2024-07-17 23:45:33.276 [restartedMain] INFO  o.s.b.d.a.OptionalLiveReloadServer - LiveReload server is running on port 35729
2024-07-17 23:45:34.264 [restartedMain] INFO  o.s.b.a.w.s.WelcomePageHandlerMapping - Adding welcome page template: index
2024-07-17 23:45:34.653 [restartedMain] INFO  o.s.s.web.DefaultSecurityFilterChain - Will secure any request with [org.springframework.security.web.session.DisableEncodeUrlFilter@29bacb9a, org.springframework.security.web.context.request.async.WebAsyncManagerIntegrationFilter@3ded2595, org.springframework.security.web.context.SecurityContextHolderFilter@4c4066c0, org.springframework.security.web.header.HeaderWriterFilter@5457fa44, org.springframework.web.filter.CorsFilter@19e9f0af, org.springframework.security.web.authentication.logout.LogoutFilter@290f8d7a, org.springframework.security.web.savedrequest.RequestCacheAwareFilter@64c3aa0f, org.springframework.security.web.servletapi.SecurityContextHolderAwareRequestFilter@d58cf3f, org.springframework.security.web.authentication.AnonymousAuthenticationFilter@120c823d, org.springframework.security.web.access.ExceptionTranslationFilter@11ef13a3, org.springframework.security.web.access.intercept.AuthorizationFilter@13130fa0]
2024-07-17 23:45:35.327 [restartedMain] INFO  o.s.b.w.e.tomcat.TomcatWebServer - Tomcat started on port 8081 (http) with context path '/'
2024-07-17 23:45:35.348 [restartedMain] INFO  c.n.b.BookStoreFrontApplication - Started BookStoreFrontApplication in 3.633 seconds (process running for 245.351)
2024-07-17 23:45:35.350 [scheduling-1] INFO  c.n.b.global.config.CacheConfig - Refresh categoriesCache completed.
2024-07-17 23:45:35.369 [restartedMain] INFO  o.s.b.d.a.ConditionEvaluationDeltaLoggingListener - Condition evaluation unchanged
2024-07-17 23:45:47.140 [restartedMain] INFO  c.n.b.BookStoreFrontApplication - Starting BookStoreFrontApplication using Java 21.0.3 with PID 41221 (/Users/dlrudgjs/Desktop/GitHub/book-store-front/target/classes started by dlrudgjs in /Users/dlrudgjs/Desktop/GitHub/book-store-front)
2024-07-17 23:45:47.144 [restartedMain] INFO  c.n.b.BookStoreFrontApplication - The following 1 profile is active: "dev"
2024-07-17 23:45:47.226 [restartedMain] INFO  o.s.b.d.e.DevToolsPropertyDefaultsPostProcessor - Devtools property defaults active! Set 'spring.devtools.add-properties' to 'false' to disable
2024-07-17 23:45:47.226 [restartedMain] INFO  o.s.b.d.e.DevToolsPropertyDefaultsPostProcessor - For additional web related logging consider setting the 'logging.level.web' property to 'DEBUG'
2024-07-17 23:45:48.302 [restartedMain] INFO  o.s.d.r.c.RepositoryConfigurationDelegate - Multiple Spring Data modules found, entering strict repository configuration mode
2024-07-17 23:45:48.306 [restartedMain] INFO  o.s.d.r.c.RepositoryConfigurationDelegate - Bootstrapping Spring Data Redis repositories in DEFAULT mode.
2024-07-17 23:45:48.337 [restartedMain] INFO  o.s.d.r.c.RepositoryConfigurationDelegate - Finished Spring Data repository scanning in 22 ms. Found 0 Redis repository interfaces.
2024-07-17 23:45:48.572 [restartedMain] INFO  o.s.cloud.context.scope.GenericScope - BeanFactory id=1039886f-b335-3755-825b-2a0b8fcf8631
2024-07-17 23:45:49.187 [restartedMain] INFO  o.s.b.w.e.tomcat.TomcatWebServer - Tomcat initialized with port 8081 (http)
2024-07-17 23:45:49.198 [restartedMain] INFO  o.a.catalina.core.StandardService - Starting service [Tomcat]
2024-07-17 23:45:49.199 [restartedMain] INFO  o.a.catalina.core.StandardEngine - Starting Servlet engine: [Apache Tomcat/10.1.24]
2024-07-17 23:45:49.228 [restartedMain] INFO  o.a.c.c.C.[Tomcat].[localhost].[/] - Initializing Spring embedded WebApplicationContext
2024-07-17 23:45:49.229 [restartedMain] INFO  o.s.b.w.s.c.ServletWebServerApplicationContext - Root WebApplicationContext: initialization completed in 2002 ms
2024-07-17 23:45:49.562 [restartedMain] INFO  o.s.b.d.a.OptionalLiveReloadServer - LiveReload server is running on port 35729
2024-07-17 23:45:50.826 [restartedMain] INFO  o.s.b.a.w.s.WelcomePageHandlerMapping - Adding welcome page template: index
2024-07-17 23:45:50.983 [restartedMain] INFO  o.s.s.web.DefaultSecurityFilterChain - Will secure any request with [org.springframework.security.web.session.DisableEncodeUrlFilter@2efe3896, org.springframework.security.web.context.request.async.WebAsyncManagerIntegrationFilter@49617cfc, org.springframework.security.web.context.SecurityContextHolderFilter@498e87bd, org.springframework.security.web.header.HeaderWriterFilter@7d73aa37, org.springframework.web.filter.CorsFilter@606f459, org.springframework.security.web.authentication.logout.LogoutFilter@6648e824, org.springframework.security.web.savedrequest.RequestCacheAwareFilter@6c6ace8d, org.springframework.security.web.servletapi.SecurityContextHolderAwareRequestFilter@77dd9f58, org.springframework.security.web.authentication.AnonymousAuthenticationFilter@2a0a9ef1, org.springframework.security.web.access.ExceptionTranslationFilter@70eec18b, org.springframework.security.web.access.intercept.AuthorizationFilter@66e529a0]
2024-07-17 23:45:51.973 [restartedMain] INFO  o.s.b.w.e.tomcat.TomcatWebServer - Tomcat started on port 8081 (http) with context path '/'
2024-07-17 23:45:51.991 [restartedMain] INFO  c.n.b.BookStoreFrontApplication - Started BookStoreFrontApplication in 5.551 seconds (process running for 11.408)
2024-07-17 23:45:51.996 [scheduling-1] INFO  c.n.b.global.config.CacheConfig - Refresh categoriesCache completed.
2024-07-17 23:46:10.831 [File Watcher] INFO  o.s.b.d.a.LocalDevToolsAutoConfiguration$RestartingClassPathChangeChangedEventListener - Restarting due to 1 class path change (0 additions, 0 deletions, 1 modification)
2024-07-17 23:46:12.237 [restartedMain] INFO  c.n.b.BookStoreFrontApplication - Starting BookStoreFrontApplication using Java 21.0.3 with PID 41221 (/Users/dlrudgjs/Desktop/GitHub/book-store-front/target/classes started by dlrudgjs in /Users/dlrudgjs/Desktop/GitHub/book-store-front)
2024-07-17 23:46:12.239 [restartedMain] INFO  c.n.b.BookStoreFrontApplication - The following 1 profile is active: "dev"
2024-07-17 23:46:12.600 [restartedMain] INFO  o.s.d.r.c.RepositoryConfigurationDelegate - Multiple Spring Data modules found, entering strict repository configuration mode
2024-07-17 23:46:12.601 [restartedMain] INFO  o.s.d.r.c.RepositoryConfigurationDelegate - Bootstrapping Spring Data Redis repositories in DEFAULT mode.
2024-07-17 23:46:12.613 [restartedMain] INFO  o.s.d.r.c.RepositoryConfigurationDelegate - Finished Spring Data repository scanning in 11 ms. Found 0 Redis repository interfaces.
2024-07-17 23:46:12.698 [restartedMain] INFO  o.s.cloud.context.scope.GenericScope - BeanFactory id=1039886f-b335-3755-825b-2a0b8fcf8631
2024-07-17 23:46:12.850 [restartedMain] INFO  o.s.b.w.e.tomcat.TomcatWebServer - Tomcat initialized with port 8081 (http)
2024-07-17 23:46:12.852 [restartedMain] INFO  o.a.catalina.core.StandardService - Starting service [Tomcat]
2024-07-17 23:46:12.852 [restartedMain] INFO  o.a.catalina.core.StandardEngine - Starting Servlet engine: [Apache Tomcat/10.1.24]
2024-07-17 23:46:12.868 [restartedMain] INFO  o.a.c.c.C.[Tomcat].[localhost].[/] - Initializing Spring embedded WebApplicationContext
2024-07-17 23:46:12.869 [restartedMain] INFO  o.s.b.w.s.c.ServletWebServerApplicationContext - Root WebApplicationContext: initialization completed in 617 ms
2024-07-17 23:46:12.975 [restartedMain] INFO  o.s.b.d.a.OptionalLiveReloadServer - LiveReload server is running on port 35729
2024-07-17 23:46:13.933 [restartedMain] INFO  o.s.b.a.w.s.WelcomePageHandlerMapping - Adding welcome page template: index
2024-07-17 23:46:14.170 [restartedMain] INFO  o.s.s.web.DefaultSecurityFilterChain - Will secure any request with [org.springframework.security.web.session.DisableEncodeUrlFilter@77e93d0, org.springframework.security.web.context.request.async.WebAsyncManagerIntegrationFilter@2d300b55, org.springframework.security.web.context.SecurityContextHolderFilter@24143ea0, org.springframework.security.web.header.HeaderWriterFilter@53e6acfe, org.springframework.web.filter.CorsFilter@6c60e13b, org.springframework.security.web.authentication.logout.LogoutFilter@67f490c4, org.springframework.security.web.savedrequest.RequestCacheAwareFilter@2cd43691, org.springframework.security.web.servletapi.SecurityContextHolderAwareRequestFilter@4778e34, org.springframework.security.web.authentication.AnonymousAuthenticationFilter@35c9e56a, org.springframework.security.web.access.ExceptionTranslationFilter@537f6e99, org.springframework.security.web.access.intercept.AuthorizationFilter@373dc9b4]
2024-07-17 23:46:14.626 [restartedMain] INFO  o.s.b.w.e.tomcat.TomcatWebServer - Tomcat started on port 8081 (http) with context path '/'
2024-07-17 23:46:14.636 [restartedMain] INFO  c.n.b.BookStoreFrontApplication - Started BookStoreFrontApplication in 3.63 seconds (process running for 34.066)
2024-07-17 23:46:14.648 [scheduling-1] INFO  c.n.b.global.config.CacheConfig - Refresh categoriesCache completed.
2024-07-17 23:46:14.657 [restartedMain] INFO  o.s.b.d.a.ConditionEvaluationDeltaLoggingListener - Condition evaluation unchanged
2024-07-17 23:47:42.826 [File Watcher] INFO  o.s.b.d.a.LocalDevToolsAutoConfiguration$RestartingClassPathChangeChangedEventListener - Restarting due to 1 class path change (0 additions, 0 deletions, 1 modification)
2024-07-17 23:47:44.558 [restartedMain] INFO  c.n.b.BookStoreFrontApplication - Starting BookStoreFrontApplication using Java 21.0.3 with PID 41221 (/Users/dlrudgjs/Desktop/GitHub/book-store-front/target/classes started by dlrudgjs in /Users/dlrudgjs/Desktop/GitHub/book-store-front)
2024-07-17 23:47:44.562 [restartedMain] INFO  c.n.b.BookStoreFrontApplication - The following 1 profile is active: "dev"
2024-07-17 23:47:44.975 [restartedMain] INFO  o.s.d.r.c.RepositoryConfigurationDelegate - Multiple Spring Data modules found, entering strict repository configuration mode
2024-07-17 23:47:44.976 [restartedMain] INFO  o.s.d.r.c.RepositoryConfigurationDelegate - Bootstrapping Spring Data Redis repositories in DEFAULT mode.
2024-07-17 23:47:44.989 [restartedMain] INFO  o.s.d.r.c.RepositoryConfigurationDelegate - Finished Spring Data repository scanning in 13 ms. Found 0 Redis repository interfaces.
2024-07-17 23:47:45.066 [restartedMain] INFO  o.s.cloud.context.scope.GenericScope - BeanFactory id=1039886f-b335-3755-825b-2a0b8fcf8631
2024-07-17 23:47:45.241 [restartedMain] INFO  o.s.b.w.e.tomcat.TomcatWebServer - Tomcat initialized with port 8081 (http)
2024-07-17 23:47:45.245 [restartedMain] INFO  o.a.catalina.core.StandardService - Starting service [Tomcat]
2024-07-17 23:47:45.245 [restartedMain] INFO  o.a.catalina.core.StandardEngine - Starting Servlet engine: [Apache Tomcat/10.1.24]
2024-07-17 23:47:45.260 [restartedMain] INFO  o.a.c.c.C.[Tomcat].[localhost].[/] - Initializing Spring embedded WebApplicationContext
2024-07-17 23:47:45.260 [restartedMain] INFO  o.s.b.w.s.c.ServletWebServerApplicationContext - Root WebApplicationContext: initialization completed in 677 ms
2024-07-17 23:47:45.363 [restartedMain] INFO  o.s.b.d.a.OptionalLiveReloadServer - LiveReload server is running on port 35729
2024-07-17 23:47:46.245 [restartedMain] INFO  o.s.b.a.w.s.WelcomePageHandlerMapping - Adding welcome page template: index
2024-07-17 23:47:46.336 [restartedMain] INFO  o.s.s.web.DefaultSecurityFilterChain - Will secure any request with [org.springframework.security.web.session.DisableEncodeUrlFilter@5e5b349, org.springframework.security.web.context.request.async.WebAsyncManagerIntegrationFilter@7cf1b686, org.springframework.security.web.context.SecurityContextHolderFilter@75d5a259, org.springframework.security.web.header.HeaderWriterFilter@6fd03fc6, org.springframework.web.filter.CorsFilter@632859dd, org.springframework.security.web.authentication.logout.LogoutFilter@2b9ba7a3, org.springframework.security.web.savedrequest.RequestCacheAwareFilter@74ee37c, org.springframework.security.web.servletapi.SecurityContextHolderAwareRequestFilter@1d443681, org.springframework.security.web.authentication.AnonymousAuthenticationFilter@369a2dae, org.springframework.security.web.access.ExceptionTranslationFilter@687e4dd1, org.springframework.security.web.access.intercept.AuthorizationFilter@2fdf5709]
2024-07-17 23:47:46.581 [restartedMain] INFO  o.s.b.w.e.tomcat.TomcatWebServer - Tomcat started on port 8081 (http) with context path '/'
2024-07-17 23:47:46.588 [restartedMain] INFO  c.n.b.BookStoreFrontApplication - Started BookStoreFrontApplication in 3.398 seconds (process running for 126.023)
2024-07-17 23:47:46.589 [scheduling-1] INFO  c.n.b.global.config.CacheConfig - Refresh categoriesCache completed.
2024-07-17 23:47:46.590 [restartedMain] INFO  o.s.b.d.a.ConditionEvaluationDeltaLoggingListener - Condition evaluation unchanged
2024-07-17 23:47:59.398 [File Watcher] INFO  o.s.b.d.a.LocalDevToolsAutoConfiguration$RestartingClassPathChangeChangedEventListener - Restarting due to 1 class path change (0 additions, 0 deletions, 1 modification)
2024-07-17 23:48:00.821 [restartedMain] INFO  c.n.b.BookStoreFrontApplication - Starting BookStoreFrontApplication using Java 21.0.3 with PID 41221 (/Users/dlrudgjs/Desktop/GitHub/book-store-front/target/classes started by dlrudgjs in /Users/dlrudgjs/Desktop/GitHub/book-store-front)
2024-07-17 23:48:00.824 [restartedMain] INFO  c.n.b.BookStoreFrontApplication - The following 1 profile is active: "dev"
2024-07-17 23:48:01.119 [restartedMain] INFO  o.s.d.r.c.RepositoryConfigurationDelegate - Multiple Spring Data modules found, entering strict repository configuration mode
2024-07-17 23:48:01.120 [restartedMain] INFO  o.s.d.r.c.RepositoryConfigurationDelegate - Bootstrapping Spring Data Redis repositories in DEFAULT mode.
2024-07-17 23:48:01.133 [restartedMain] INFO  o.s.d.r.c.RepositoryConfigurationDelegate - Finished Spring Data repository scanning in 12 ms. Found 0 Redis repository interfaces.
2024-07-17 23:48:01.201 [restartedMain] INFO  o.s.cloud.context.scope.GenericScope - BeanFactory id=1039886f-b335-3755-825b-2a0b8fcf8631
2024-07-17 23:48:01.353 [restartedMain] INFO  o.s.b.w.e.tomcat.TomcatWebServer - Tomcat initialized with port 8081 (http)
2024-07-17 23:48:01.356 [restartedMain] INFO  o.a.catalina.core.StandardService - Starting service [Tomcat]
2024-07-17 23:48:01.356 [restartedMain] INFO  o.a.catalina.core.StandardEngine - Starting Servlet engine: [Apache Tomcat/10.1.24]
2024-07-17 23:48:01.371 [restartedMain] INFO  o.a.c.c.C.[Tomcat].[localhost].[/] - Initializing Spring embedded WebApplicationContext
2024-07-17 23:48:01.371 [restartedMain] INFO  o.s.b.w.s.c.ServletWebServerApplicationContext - Root WebApplicationContext: initialization completed in 532 ms
2024-07-17 23:48:01.462 [restartedMain] INFO  o.s.b.d.a.OptionalLiveReloadServer - LiveReload server is running on port 35729
2024-07-17 23:48:02.116 [restartedMain] INFO  o.s.b.a.w.s.WelcomePageHandlerMapping - Adding welcome page template: index
2024-07-17 23:48:02.233 [restartedMain] INFO  o.s.s.web.DefaultSecurityFilterChain - Will secure any request with [org.springframework.security.web.session.DisableEncodeUrlFilter@7a14244b, org.springframework.security.web.context.request.async.WebAsyncManagerIntegrationFilter@1bc37eea, org.springframework.security.web.context.SecurityContextHolderFilter@1c6868ca, org.springframework.security.web.header.HeaderWriterFilter@29e8a0e0, org.springframework.web.filter.CorsFilter@3defd8f2, org.springframework.security.web.authentication.logout.LogoutFilter@20cf7a49, org.springframework.security.web.savedrequest.RequestCacheAwareFilter@4bb1bf9a, org.springframework.security.web.servletapi.SecurityContextHolderAwareRequestFilter@133d3e7b, org.springframework.security.web.authentication.AnonymousAuthenticationFilter@10728481, org.springframework.security.web.access.ExceptionTranslationFilter@68f6145b, org.springframework.security.web.access.intercept.AuthorizationFilter@63a9c325]
2024-07-17 23:48:02.527 [restartedMain] INFO  o.s.b.w.e.tomcat.TomcatWebServer - Tomcat started on port 8081 (http) with context path '/'
2024-07-17 23:48:02.551 [restartedMain] INFO  c.n.b.BookStoreFrontApplication - Started BookStoreFrontApplication in 2.999 seconds (process running for 141.986)
2024-07-17 23:48:02.552 [scheduling-1] INFO  c.n.b.global.config.CacheConfig - Refresh categoriesCache completed.
2024-07-17 23:48:02.554 [restartedMain] INFO  o.s.b.d.a.ConditionEvaluationDeltaLoggingListener - Condition evaluation unchanged
2024-07-17 23:53:02.574 [scheduling-1] INFO  c.n.b.global.config.CacheConfig - Refresh categoriesCache completed.
2024-07-17 23:54:17.303 [restartedMain] INFO  c.n.b.BookStoreFrontApplication - Starting BookStoreFrontApplication using Java 21.0.3 with PID 41766 (/Users/dlrudgjs/Desktop/GitHub/book-store-front/target/classes started by dlrudgjs in /Users/dlrudgjs/Desktop/GitHub/book-store-front)
2024-07-17 23:54:17.306 [restartedMain] INFO  c.n.b.BookStoreFrontApplication - The following 1 profile is active: "dev"
2024-07-17 23:54:17.679 [restartedMain] INFO  o.s.d.r.c.RepositoryConfigurationDelegate - Multiple Spring Data modules found, entering strict repository configuration mode
2024-07-17 23:54:17.680 [restartedMain] INFO  o.s.d.r.c.RepositoryConfigurationDelegate - Bootstrapping Spring Data Redis repositories in DEFAULT mode.
2024-07-17 23:54:17.693 [restartedMain] INFO  o.s.d.r.c.RepositoryConfigurationDelegate - Finished Spring Data repository scanning in 13 ms. Found 0 Redis repository interfaces.
2024-07-17 23:54:17.771 [restartedMain] INFO  o.s.cloud.context.scope.GenericScope - BeanFactory id=1039886f-b335-3755-825b-2a0b8fcf8631
2024-07-17 23:54:17.932 [restartedMain] INFO  o.s.b.w.e.tomcat.TomcatWebServer - Tomcat initialized with port 8081 (http)
2024-07-17 23:54:17.934 [restartedMain] INFO  o.a.catalina.core.StandardService - Starting service [Tomcat]
2024-07-17 23:54:17.934 [restartedMain] INFO  o.a.catalina.core.StandardEngine - Starting Servlet engine: [Apache Tomcat/10.1.24]
2024-07-17 23:54:17.950 [restartedMain] INFO  o.a.c.c.C.[Tomcat].[localhost].[/] - Initializing Spring embedded WebApplicationContext
2024-07-17 23:54:17.951 [restartedMain] INFO  o.s.b.w.s.c.ServletWebServerApplicationContext - Root WebApplicationContext: initialization completed in 629 ms
2024-07-17 23:54:18.060 [restartedMain] INFO  o.s.b.d.a.OptionalLiveReloadServer - LiveReload server is running on port 35729
2024-07-17 23:54:18.991 [restartedMain] INFO  o.s.b.a.w.s.WelcomePageHandlerMapping - Adding welcome page template: index
2024-07-17 23:54:19.087 [restartedMain] INFO  o.s.s.web.DefaultSecurityFilterChain - Will secure any request with [org.springframework.security.web.session.DisableEncodeUrlFilter@b264bb2, org.springframework.security.web.context.request.async.WebAsyncManagerIntegrationFilter@6296aa03, org.springframework.security.web.context.SecurityContextHolderFilter@7a74fa86, org.springframework.security.web.header.HeaderWriterFilter@17b898f3, org.springframework.web.filter.CorsFilter@6a671937, org.springframework.security.web.authentication.logout.LogoutFilter@47473e7f, org.springframework.security.web.savedrequest.RequestCacheAwareFilter@75a42032, org.springframework.security.web.servletapi.SecurityContextHolderAwareRequestFilter@499631b5, org.springframework.security.web.authentication.AnonymousAuthenticationFilter@6b237355, org.springframework.security.web.access.ExceptionTranslationFilter@4070122, org.springframework.security.web.access.intercept.AuthorizationFilter@2fd5d21c]
2024-07-17 23:54:19.626 [restartedMain] INFO  o.s.b.w.e.tomcat.TomcatWebServer - Tomcat started on port 8081 (http) with context path '/'
2024-07-17 23:54:19.642 [restartedMain] INFO  c.n.b.BookStoreFrontApplication - Started BookStoreFrontApplication in 2.565 seconds (process running for 51.63)
2024-07-17 23:54:19.655 [scheduling-1] INFO  c.n.b.global.config.CacheConfig - Refresh categoriesCache completed.
2024-07-17 23:54:19.659 [restartedMain] INFO  o.s.b.d.a.ConditionEvaluationDeltaLoggingListener - Condition evaluation unchanged
2024-07-17 23:57:30.129 [main] WARN  o.s.b.t.j.DuplicateJsonObjectContextCustomizerFactory$DuplicateJsonObjectContextCustomizer - 

Found multiple occurrences of org.json.JSONObject on the class path:

	jar:file:/Users/dlrudgjs/.m2/repository/com/vaadin/external/google/android-json/0.0.20131108.vaadin1/android-json-0.0.20131108.vaadin1.jar!/org/json/JSONObject.class
	jar:file:/Users/dlrudgjs/.m2/repository/org/json/json/20231013/json-20231013.jar!/org/json/JSONObject.class

You may wish to exclude one of them to ensure predictable runtime behavior

2024-07-17 23:57:30.221 [main] INFO  c.n.b.BookStoreFrontApplicationTests - Starting BookStoreFrontApplicationTests using Java 21.0.3 with PID 42058 (started by dlrudgjs in /Users/dlrudgjs/Desktop/GitHub/book-store-front)
2024-07-17 23:57:30.223 [main] INFO  c.n.b.BookStoreFrontApplicationTests - The following 1 profile is active: "dev"
2024-07-17 23:57:33.457 [main] INFO  o.s.d.r.c.RepositoryConfigurationDelegate - Multiple Spring Data modules found, entering strict repository configuration mode
2024-07-17 23:57:33.462 [main] INFO  o.s.d.r.c.RepositoryConfigurationDelegate - Bootstrapping Spring Data Redis repositories in DEFAULT mode.
2024-07-17 23:57:33.522 [main] INFO  o.s.d.r.c.RepositoryConfigurationDelegate - Finished Spring Data repository scanning in 45 ms. Found 0 Redis repository interfaces.
2024-07-17 23:57:33.979 [main] INFO  o.s.cloud.context.scope.GenericScope - BeanFactory id=3e712b6b-ca32-3ba4-8251-7a2b585e495d
2024-07-17 23:57:38.011 [main] INFO  o.s.b.a.w.s.WelcomePageHandlerMapping - Adding welcome page template: index
2024-07-17 23:57:38.380 [main] INFO  o.s.s.web.DefaultSecurityFilterChain - Will secure any request with [org.springframework.security.web.session.DisableEncodeUrlFilter@26f6fbbd, org.springframework.security.web.context.request.async.WebAsyncManagerIntegrationFilter@59d2e20f, org.springframework.security.web.context.SecurityContextHolderFilter@22bb0f5, org.springframework.security.web.header.HeaderWriterFilter@286e2387, org.springframework.web.filter.CorsFilter@5dea8bf2, org.springframework.security.web.authentication.logout.LogoutFilter@2eb4a3ec, org.springframework.security.web.savedrequest.RequestCacheAwareFilter@22ef78d8, org.springframework.security.web.servletapi.SecurityContextHolderAwareRequestFilter@2d9c3a0e, org.springframework.security.web.authentication.AnonymousAuthenticationFilter@45ef4dcb, org.springframework.security.web.access.ExceptionTranslationFilter@12882698, org.springframework.security.web.access.intercept.AuthorizationFilter@40889699]
2024-07-17 23:57:39.647 [main] INFO  c.n.b.BookStoreFrontApplicationTests - Started BookStoreFrontApplicationTests in 10.586 seconds (process running for 18.53)
2024-07-17 23:57:39.656 [scheduling-1] INFO  c.n.b.global.config.CacheConfig - Refresh categoriesCache completed.
